~/workspace$ ps aux | grep git
runner    6023  0.0  0.0   6748  2432 pts/1    R+   12:07   0:00 /nix/store/8b4vn1iyn6kqiisjvlmv67d1c0p3j6wj-gnugrep-3.11/bin/grep --color=auto git
~/workspace$ rm -f .git/index.lock
~/workspace$ git status
On branch main
Your branch is ahead of 'origin/main' by 6 commits.
  (use "git push" to publish your local commits)

Changes to be committed:
  (use "git restore --staged <file>..." to unstage)
    deleted:    attached_assets/Pasted--Supabase-Configuration-NEXT-PUBLIC-SUPABASE-URL-https-wubzdjzosbbbghdlfcgc-supabase-co-NEXT-PUBL-1757937199676_1757937199677.txt
    deleted:    attached_assets/Pasted-NEXT-PUBLIC-SUPABASE-URL-https-wubzdjzosbbbghdlfcgc-supabase-co-NEXT-PUBLIC-SUPABASE-ANON-KEY-eyJ-1757751359970_1757751359994.txt
    deleted:    attached_assets/Pasted-NEXT-PUBLIC-SUPABASE-URL-https-wubzdjzosbbbghdlfcgc-supabase-co-NEXT-PUBLIC-SUPABASE-ANON-KEY-eyJ-1757751367778_1757751367779.txt

~/workspace$ git add .
~/workspace$ git commit -m "Update Maya Chat application"
On branch main
Your branch is ahead of 'origin/main' by 6 commits.
  (use "git push" to publish your local commits)

Changes not staged for commit:
  (use "git add/rm <file>..." to update what will be committed)
  (use "git restore <file>..." to discard changes in working directory)
    deleted:    attached_assets/Pasted--Supabase-Configuration-NEXT-PUBLIC-SUPABASE-URL-https-wubzdjzosbbbghdlfcgc-supabase-co-NEXT-PUBL-1757937199676_1757937199677.txt
    deleted:    attached_assets/Pasted-NEXT-PUBLIC-SUPABASE-URL-https-wubzdjzosbbbghdlfcgc-supabase-co-NEXT-PUBLIC-SUPABASE-ANON-KEY-eyJ-1757751359970_1757751359994.txt
    deleted:    attached_assets/Pasted-NEXT-PUBLIC-SUPABASE-URL-https-wubzdjzosbbbghdlfcgc-supabase-co-NEXT-PUBLIC-SUPABASE-ANON-KEY-eyJ-1757751367778_1757751367779.txt

no changes added to commit (use "git add" and/or "git commit -a")
~/workspace$ git push origin main
error: update_ref failed for ref 'refs/remotes/origin/main': cannot lock ref 'refs/remotes/origin/main': Unable to create '/home/runner/workspace/.git/refs/remotes/origin/main.lock': File exists.

Another git process seems to be running in this repository, e.g.
an editor opened by 'git commit'. Please make sure all processes
are terminated then try again. If it still fails, a git process
may have crashed in this repository earlier:
remove the file manually to continue.
Everything up-to-date
~/workspace$ 